ERROR: ParsingException: []@(line 2, col 0): null Reader: 2 ^ | Parse: Reader: 2: Expecting a value but got wrong token: 'newline' (JSON does not allow unescaped newline in quoted strings, use a backslash escape) (if you intended 'newline' (JSON does not allow unescaped newline in quoted strings, use a backslash escape) to be part of a key or string value, try enclosing the key or value in double quotes) | 
