{"a":1,"b":2.5,"c":{"d":true},"f":{"g":{"h":"x"}},"s":"foo bar  baz","n":"10abc","v":"1.0.0","ip":"192.168.0.1","arr":[1,2,3],"m":"a b c","q":"multi\nline \"quoted\" ","e1":-5,"big":9999999999,"exp":1000,"hex":"0x10","o":{"z":3,"y":2,"x":1},"dup":2,"neg":0,"cat":[1,2],"ocat":{"b":2,"a":1},"plus":[5,6],"tab":"a\tbA\\","k":{"x.y":1},"quoted key":2,"url":"http://foo.com/bar","h":"a","i":"a/b","f2":5,"g":"#notcomment","t1":"true false","t2":"1 2","t3":"null x","t4":"tru","t5":"yes","t6":1.5,"t7":".5","t8":5,"t9":"-","w1":"a   b","w2":"a   b","e":{},"ea":[],"nested":[[1,2],{"x":[3]}]}
