{"world":"C:\\Servers\\survival\\world","dimension":"minecraft:the_nether","name":"My Nether","sorting":100,"start-pos":{"x":500,"z":-300},"sky-color":"#290000","ambient-light":0.6,"render-mask":[{"min-x":-4000,"max-x":4000},{"subtract":true,"min-y":90,"max-y":127}],"marker-sets":{"spawn":{"label":"Spawn","toggleable":true,"markers":{"origin":{"type":"poi","position":{"x":0,"y":64,"z":0},"label":"Origin","detail":"<b>Welcome</b>\nto the server"},"line":{"type":"line","line":[{"x":0,"y":64,"z":0},{"x":10,"y":70,"z":10}],"line-width":3,"line-color":{"r":255,"g":0,"b":0,"a":1}}}}}}
